// Jest Snapshot v1, https://goo.gl/fbAQLP

exports[`<App /> renders correctly 1`] = `
<RNCSafeAreaProvider
  onInsetsChange={[Function]}
  style={
    Array [
      Object {
        "flex": 1,
      },
      undefined,
    ]
  }
>
  <RNSScreenStack
    style={
      Object {
        "flex": 1,
      }
    }
  >
    <RNSScreen
      forwardedRef={[Function]}
      onAppear={[Function]}
      onDisappear={[Function]}
      onDismissed={[Function]}
      onWillDisappear={[Function]}
      replaceAnimation="push"
      stackPresentation="push"
      style={
        Object {
          "bottom": 0,
          "left": 0,
          "position": "absolute",
          "right": 0,
          "top": 0,
        }
      }
    >
      <RNSScreenStackHeaderConfig
        backButtonInCustomView={false}
        backgroundColor="transparent"
        color="#FFFFFF"
        direction="ltr"
        disableBackButtonMenu={false}
        hidden={false}
        hideBackButton={false}
        hideShadow={true}
        largeTitleHideShadow={false}
        title=""
        titleColor="#FFFFFF"
        topInsetEnabled={false}
        translucent={true}
      />
      <View
        style={
          Array [
            Object {
              "flex": 1,
            },
            Object {
              "backgroundColor": "rgb(242, 242, 242)",
            },
            undefined,
          ]
        }
      >
        <View
          onLayout={[Function]}
          style={
            Object {
              "flex": 1,
            }
          }
        >
          <RCTScrollView>
            <View>
              <View
                accessible={true}
                className="sc-bdvvtL zxezy"
                focusable={true}
                onClick={[Function]}
                onResponderGrant={[Function]}
                onResponderMove={[Function]}
                onResponderRelease={[Function]}
                onResponderTerminate={[Function]}
                onResponderTerminationRequest={[Function]}
                onStartShouldSetResponder={[Function]}
              >
                <View
                  className="sc-gsDKAQ rZFaE"
                >
                  <Image
                    className="sc-dkPtRN fQWDve"
                    resizeMode="contain"
                    source={1}
                  />
                  <Text
                    className="sc-hKwDye fAcRlN"
                  >
                    Account Login
                  </Text>
                  <View
                    className="sc-eCImPb kMRaWM"
                  >
                    <View>
                      <View
                        className="sc-iCfMLu eAWtPN"
                      >
                        <Text />
                      </View>
                      <Text
                        className="sc-gKclnd dsijCe"
                      >
                        Username
                      </Text>
                      <TextInput
                        allowFontScaling={true}
                        className="sc-jRQBWg fNWPqr"
                        onBlur={[Function]}
                        onChangeText={[Function]}
                        placeholder="username"
                        placeholderTextColor="#ff000067"
                        rejectResponderTermination={true}
                        underlineColorAndroid="transparent"
                        value=""
                      />
                    </View>
                    <View>
                      <View
                        className="sc-iCfMLu eAWtPN"
                      >
                        <Text />
                      </View>
                      <Text
                        className="sc-gKclnd dsijCe"
                      >
                        Password
                      </Text>
                      <TextInput
                        allowFontScaling={true}
                        className="sc-jRQBWg fNWPqr"
                        onBlur={[Function]}
                        onChangeText={[Function]}
                        placeholder="********"
                        placeholderTextColor="#ff000067"
                        rejectResponderTermination={true}
                        secureTextEntry={true}
                        underlineColorAndroid="transparent"
                        value=""
                      />
                      <View
                        accessible={true}
                        focusable={true}
                        onClick={[Function]}
                        onResponderGrant={[Function]}
                        onResponderMove={[Function]}
                        onResponderRelease={[Function]}
                        onResponderTerminate={[Function]}
                        onResponderTerminationRequest={[Function]}
                        onStartShouldSetResponder={[Function]}
                        style={
                          Object {
                            "opacity": 1,
                          }
                        }
                      >
                        <Text />
                      </View>
                    </View>
                    <Text>
                      

                    </Text>
                    <View
                      accessible={true}
                      focusable={true}
                      onClick={[Function]}
                      onResponderGrant={[Function]}
                      onResponderMove={[Function]}
                      onResponderRelease={[Function]}
                      onResponderTerminate={[Function]}
                      onResponderTerminationRequest={[Function]}
                      onStartShouldSetResponder={[Function]}
                      style={
                        Object {
                          "opacity": 1,
                        }
                      }
                    >
                      <Text
                        className="sc-jrQzAO dafyie"
                      >
                        Login
                      </Text>
                    </View>
                    <View
                      className="sc-kDTinF glXNyz"
                    />
                    <View
                      accessible={true}
                      focusable={true}
                      onClick={[Function]}
                      onResponderGrant={[Function]}
                      onResponderMove={[Function]}
                      onResponderRelease={[Function]}
                      onResponderTerminate={[Function]}
                      onResponderTerminationRequest={[Function]}
                      onStartShouldSetResponder={[Function]}
                      style={
                        Object {
                          "opacity": 1,
                        }
                      }
                    >
                      <Text />
                      <Text
                        className="sc-jrQzAO gGIeVH"
                        wordpress={true}
                      >
                        Sign in with Wordpress
                      </Text>
                    </View>
                    <View
                      className="sc-iqseJM DBbKg"
                    >
                      <Text
                        className="sc-crHmcD bLjgwf"
                      >
                        Don't have an account? 
                      </Text>
                      <View
                        accessible={true}
                        focusable={true}
                        onClick={[Function]}
                        onResponderGrant={[Function]}
                        onResponderMove={[Function]}
                        onResponderRelease={[Function]}
                        onResponderTerminate={[Function]}
                        onResponderTerminationRequest={[Function]}
                        onStartShouldSetResponder={[Function]}
                        style={
                          Object {
                            "opacity": 1,
                          }
                        }
                      >
                        <Text
                          className="sc-bqiRlB kAwtfN"
                        >
                          Signup
                        </Text>
                      </View>
                    </View>
                  </View>
                </View>
              </View>
            </View>
          </RCTScrollView>
        </View>
      </View>
    </RNSScreen>
  </RNSScreenStack>
</RNCSafeAreaProvider>
`;
