// Jest Snapshot v1, https://goo.gl/fbAQLP

exports[`<TeamInfo /> renders correctly 1`] = `
<RCTScrollView
  contentContainerStyle={
    Object {
      "alignItems": "center",
      "backgroundColor": "#BFAA8C",
      "flexGrow": 1,
      "padding": 25,
      "paddingTop": 20,
    }
  }
  showsVerticalScrollIndicator={false}
  style={
    Object {
      "flex": 1,
    }
  }
>
  <View>
    <Text
      style={
        Object {
          "color": "red",
          "fontSize": 30,
          "fontWeight": "bold",
        }
      }
    >
      Meet the Team
    </Text>
    <View>
      <Image
        source={1}
        style={
          Object {
            "alignSelf": "center",
            "height": 200,
            "width": 200,
          }
        }
      />
      <Text
        style={
          Object {
            "fontWeight": "bold",
            "textAlign": "center",
          }
        }
      >
        Andr√© M. Mansoor, M.D.
        

      </Text>
      <View
        style={
          Object {
            "flexDirection": "row",
          }
        }
      >
        <View
          style={
            Object {
              "flexDirection": "column",
            }
          }
        >
          <View
            accessible={true}
            focusable={true}
            onClick={[Function]}
            onResponderGrant={[Function]}
            onResponderMove={[Function]}
            onResponderRelease={[Function]}
            onResponderTerminate={[Function]}
            onResponderTerminationRequest={[Function]}
            onStartShouldSetResponder={[Function]}
            style={
              Object {
                "alignItems": "center",
                "backgroundColor": "#4267B2",
                "borderRadius": 30,
                "flexDirection": "row",
                "height": 52,
                "justifyContent": "center",
                "margin": 7,
                "shadowColor": "rgba(0,0,0, .4)",
                "shadowOffset": Object {
                  "height": 1,
                  "width": 1,
                },
                "shadowOpacity": 1,
                "shadowRadius": 1,
                "width": 52,
              }
            }
          >
            <View
              style={
                Object {
                  "alignItems": "center",
                  "flexDirection": "row",
                  "justifyContent": "center",
                }
              }
            >
              <View
                style={
                  Object {
                    "overflow": "hidden",
                  }
                }
              >
                <View>
                  <View
                    style={
                      Object {
                        "alignItems": "center",
                        "backgroundColor": "transparent",
                        "justifyContent": "center",
                      }
                    }
                  >
                    <Text />
                  </View>
                </View>
              </View>
            </View>
          </View>
        </View>
        <View
          style={
            Object {
              "flexDirection": "column",
            }
          }
        >
          <View
            accessible={true}
            focusable={true}
            onClick={[Function]}
            onResponderGrant={[Function]}
            onResponderMove={[Function]}
            onResponderRelease={[Function]}
            onResponderTerminate={[Function]}
            onResponderTerminationRequest={[Function]}
            onStartShouldSetResponder={[Function]}
            style={
              Object {
                "alignItems": "center",
                "backgroundColor": "#517fa4",
                "borderRadius": 30,
                "flexDirection": "row",
                "height": 52,
                "justifyContent": "center",
                "margin": 7,
                "shadowColor": "rgba(0,0,0, .4)",
                "shadowOffset": Object {
                  "height": 1,
                  "width": 1,
                },
                "shadowOpacity": 1,
                "shadowRadius": 1,
                "width": 52,
              }
            }
          >
            <View
              style={
                Object {
                  "alignItems": "center",
                  "flexDirection": "row",
                  "justifyContent": "center",
                }
              }
            >
              <View
                style={
                  Object {
                    "overflow": "hidden",
                  }
                }
              >
                <View>
                  <View
                    style={
                      Object {
                        "alignItems": "center",
                        "backgroundColor": "transparent",
                        "justifyContent": "center",
                      }
                    }
                  >
                    <Text />
                  </View>
                </View>
              </View>
            </View>
          </View>
        </View>
        <View
          style={
            Object {
              "flexDirection": "column",
            }
          }
        >
          <View
            accessible={true}
            focusable={true}
            onClick={[Function]}
            onResponderGrant={[Function]}
            onResponderMove={[Function]}
            onResponderRelease={[Function]}
            onResponderTerminate={[Function]}
            onResponderTerminationRequest={[Function]}
            onStartShouldSetResponder={[Function]}
            style={
              Object {
                "alignItems": "center",
                "backgroundColor": "#bb0000",
                "borderRadius": 30,
                "flexDirection": "row",
                "height": 52,
                "justifyContent": "center",
                "margin": 7,
                "shadowColor": "rgba(0,0,0, .4)",
                "shadowOffset": Object {
                  "height": 1,
                  "width": 1,
                },
                "shadowOpacity": 1,
                "shadowRadius": 1,
                "width": 52,
              }
            }
          >
            <View
              style={
                Object {
                  "alignItems": "center",
                  "flexDirection": "row",
                  "justifyContent": "center",
                }
              }
            >
              <View
                style={
                  Object {
                    "overflow": "hidden",
                  }
                }
              >
                <View>
                  <View
                    style={
                      Object {
                        "alignItems": "center",
                        "backgroundColor": "transparent",
                        "justifyContent": "center",
                      }
                    }
                  >
                    <Text />
                  </View>
                </View>
              </View>
            </View>
          </View>
        </View>
        <View
          style={
            Object {
              "flexDirection": "column",
            }
          }
        >
          <View
            accessible={true}
            focusable={true}
            onClick={[Function]}
            onResponderGrant={[Function]}
            onResponderMove={[Function]}
            onResponderRelease={[Function]}
            onResponderTerminate={[Function]}
            onResponderTerminationRequest={[Function]}
            onStartShouldSetResponder={[Function]}
            style={
              Object {
                "alignItems": "center",
                "backgroundColor": "#00aced",
                "borderRadius": 30,
                "flexDirection": "row",
                "height": 52,
                "justifyContent": "center",
                "margin": 7,
                "shadowColor": "rgba(0,0,0, .4)",
                "shadowOffset": Object {
                  "height": 1,
                  "width": 1,
                },
                "shadowOpacity": 1,
                "shadowRadius": 1,
                "width": 52,
              }
            }
          >
            <View
              style={
                Object {
                  "alignItems": "center",
                  "flexDirection": "row",
                  "justifyContent": "center",
                }
              }
            >
              <View
                style={
                  Object {
                    "overflow": "hidden",
                  }
                }
              >
                <View>
                  <View
                    style={
                      Object {
                        "alignItems": "center",
                        "backgroundColor": "transparent",
                        "justifyContent": "center",
                      }
                    }
                  >
                    <Text />
                  </View>
                </View>
              </View>
            </View>
          </View>
        </View>
      </View>
    </View>
    <View>
      <Image
        source={1}
        style={
          Object {
            "alignSelf": "center",
            "height": 200,
            "width": 200,
          }
        }
      />
      <Text
        style={
          Object {
            "fontWeight": "bold",
            "textAlign": "center",
          }
        }
      >
        Peter Sullivan, M.D.
        

      </Text>
      <View
        accessible={true}
        focusable={true}
        onClick={[Function]}
        onResponderGrant={[Function]}
        onResponderMove={[Function]}
        onResponderRelease={[Function]}
        onResponderTerminate={[Function]}
        onResponderTerminationRequest={[Function]}
        onStartShouldSetResponder={[Function]}
        style={
          Object {
            "alignItems": "center",
            "alignSelf": "center",
            "backgroundColor": "#00aced",
            "borderRadius": 30,
            "flexDirection": "row",
            "height": 52,
            "justifyContent": "center",
            "margin": 7,
            "shadowColor": "rgba(0,0,0, .4)",
            "shadowOffset": Object {
              "height": 1,
              "width": 1,
            },
            "shadowOpacity": 1,
            "shadowRadius": 1,
            "width": 52,
          }
        }
      >
        <View
          style={
            Object {
              "alignItems": "center",
              "flexDirection": "row",
              "justifyContent": "center",
            }
          }
        >
          <View
            style={
              Object {
                "overflow": "hidden",
              }
            }
          >
            <View>
              <View
                style={
                  Object {
                    "alignItems": "center",
                    "backgroundColor": "transparent",
                    "justifyContent": "center",
                  }
                }
              >
                <Text />
              </View>
            </View>
          </View>
        </View>
      </View>
    </View>
    <View>
      <Image
        source={1}
        style={
          Object {
            "alignSelf": "center",
            "height": 200,
            "width": 200,
          }
        }
      />
      <Text
        style={
          Object {
            "fontWeight": "bold",
            "textAlign": "center",
          }
        }
      >
        Joseph G. Nugent, M.H.S.
        

      </Text>
    </View>
    <View>
      <Image
        source={1}
        style={
          Object {
            "alignSelf": "center",
            "height": 200,
            "width": 200,
          }
        }
      />
      <Text
        style={
          Object {
            "fontWeight": "bold",
            "textAlign": "center",
          }
        }
      >
        Ishita Sharma, M.B.B.S.
        

      </Text>
    </View>
  </View>
</RCTScrollView>
`;
